// Jest Snapshot v1, https://goo.gl/fbAQLP

exports[`HeaderComponent Snapshot tests Snapshot of html component=: HeaderComponent 1`] = `
<nav
  class="navbar navbar-expand-lg navbar-dark bg-dark"
>
  <a
    class="navbar-brand"
    href="/"
    ng-reflect-router-link=""
  >
    Vehicle Store
  </a>
  <button
    aria-controls="navbarNav"
    aria-expanded="false"
    aria-label="Toggle navigation"
    class="navbar-toggler"
    data-target="#navbarNav"
    data-toggle="collapse"
    type="button"
  >
    <span
      class="navbar-toggler-icon"
    />
  </button>
  <div
    class="collapse navbar-collapse"
    id="navbarNav"
  >
    <ul
      class="navbar-nav"
    >
      <li
        class="nav-item"
        ng-reflect-router-link-active="active"
        routerlinkactive="active"
      >
        <a
          class="nav-link"
          href="/cars"
          ng-reflect-router-link="/cars"
        >
           Cars 
          <span
            class="sr-only"
          >
            (current)
          </span>
        </a>
      </li>
      <li
        class="nav-item"
        ng-reflect-router-link-active="active"
        routerlinkactive="active"
      >
        <a
          class="nav-link"
          href="/motorcycles"
          ng-reflect-router-link="/motorcycles"
        >
           MotorCycles 
        </a>
      </li>
      <li
        class="nav-item"
        ng-reflect-router-link-active="active"
        routerlinkactive="active"
      >
        <a
          class="nav-link"
          href="/trucks"
          ng-reflect-router-link="/trucks"
        >
           Trucks 
        </a>
      </li>
    </ul>
  </div>
</nav>
`;
